mysql> USE DATABASE IIT_14_TH_BATCH;
ERROR 1049 (42000): Unknown database 'database'
mysql> USE IIT_14_TH_BATCH;
Database changed
mysql> SHOW TABLES;
+---------------------------+
| Tables_in_iit_14_th_batch |
+---------------------------+
| book                      |
| employee                  |
| student                   |
| student1                  |
| test                      |
| test1                     |
+---------------------------+
6 rows in set (0.04 sec)

mysql> SELECT * FROM STUDENT;
+------------+--------------+
| STUDENT_ID | STUDENT_NAME |
+------------+--------------+
|        101 | A            |
|        102 | B            |
+------------+--------------+
2 rows in set (0.02 sec)

mysql> DESC EMPLOYEE;
+--------------+-------------+------+-----+---------+-------+
| Field        | Type        | Null | Key | Default | Extra |
+--------------+-------------+------+-----+---------+-------+
| EMPLOYEEID   | int         | NO   | PRI | NULL    |       |
| EMPLOYEENAME | varchar(20) | YES  |     | NULL    |       |
| STUDENT_ID   | int         | YES  | MUL | NULL    |       |
+--------------+-------------+------+-----+---------+-------+
3 rows in set (0.01 sec)

mysql> SELECT * FROM EMPLOYEE;
+------------+--------------+------------+
| EMPLOYEEID | EMPLOYEENAME | STUDENT_ID |
+------------+--------------+------------+
|        123 | YUIO         |        101 |
|        234 | QWER         |       NULL |
+------------+--------------+------------+
2 rows in set (0.01 sec)

mysql> SELECT EMPLOYEEID FROM EMPLOYEE UNION SELECT STUDENT_ID FROM STUDENT;
+------------+
| EMPLOYEEID |
+------------+
|        234 |
|        123 |
|        101 |
|        102 |
+------------+
4 rows in set (0.00 sec)

mysql> SELECT EMPLOYEEID,EMPLOYEENAME FROM EMPLOYEE UNION SELECT * FROM STUDENT;
+------------+--------------+
| EMPLOYEEID | EMPLOYEENAME |
+------------+--------------+
|        123 | YUIO         |
|        234 | QWER         |
|        101 | A            |
|        102 | B            |
+------------+--------------+
4 rows in set (0.00 sec)

mysql> SELECT * FROM INFORMATIOON_SCHEMA.REFERENTIAL_CONSTRAINTS WHERE CONSTRAINT_SCHEMA='IIT_14_TH_BATCH';
ERROR 1049 (42000): Unknown database 'informatioon_schema'
mysql> SELECT * FROM INFORMATION_SCHEMA.REFERENTIAL_CONSTRAINTS WHERE CONSTRAINT_SCHEMA='IIT_14_TH_BATCH';
+--------------------+-------------------+-----------------+---------------------------+--------------------------+------------------------+--------------+-------------+-------------+------------+-----------------------+
| CONSTRAINT_CATALOG | CONSTRAINT_SCHEMA | CONSTRAINT_NAME | UNIQUE_CONSTRAINT_CATALOG | UNIQUE_CONSTRAINT_SCHEMA | UNIQUE_CONSTRAINT_NAME | MATCH_OPTION | UPDATE_RULE | DELETE_RULE | TABLE_NAME | REFERENCED_TABLE_NAME |
+--------------------+-------------------+-----------------+---------------------------+--------------------------+------------------------+--------------+-------------+-------------+------------+-----------------------+
| def                | iit_14_th_batch   | fk_studentid    | def                       | iit_14_th_batch          | PRIMARY                | NONE         | NO ACTION   | NO ACTION   | employee   | student               |
+--------------------+-------------------+-----------------+---------------------------+--------------------------+------------------------+--------------+-------------+-------------+------------+-----------------------+
1 row in set (0.00 sec)

mysql>  SHOW indexes IN STUDENT;
+---------+------------+----------+--------------+-------------+-----------+-------------+----------+--------+------+------------+---------+---------------+---------+------------+
| Table   | Non_unique | Key_name | Seq_in_index | Column_name | Collation | Cardinality | Sub_part | Packed | Null | Index_type | Comment | Index_comment | Visible | Expression |
+---------+------------+----------+--------------+-------------+-----------+-------------+----------+--------+------+------------+---------+---------------+---------+------------+
| student |          0 | PRIMARY  |            1 | STUDENT_ID  | A         |           2 |     NULL |   NULL |      | BTREE      |         |               | YES     | NULL       |
+---------+------------+----------+--------------+-------------+-----------+-------------+----------+--------+------+------------+---------+---------------+---------+------------+
1 row in set (0.00 sec)

mysql> SELECT AVG(STUDENT_ID) FROM STUDENT;
+-----------------+
| AVG(STUDENT_ID) |
+-----------------+
|        101.5000 |
+-----------------+
1 row in set (0.00 sec)

mysql> SELECT COUNT(STUDEN_ID) FROM STUDENT;
ERROR 1054 (42S22): Unknown column 'STUDEN_ID' in 'field list'
mysql> SELECT COUNT(STUDENT_ID) FROM STUDENT;
+-------------------+
| COUNT(STUDENT_ID) |
+-------------------+
|                 2 |
+-------------------+
1 row in set (0.00 sec)

mysql> Terminal close -- exit!
mysql> USE DATABASE IIT_14_TH_BATCH;
ERROR 1049 (42000): Unknown database 'database'
mysql> USE IIT_14_TH_BATCH;
Database changed
mysql> SELECT MIN (STUDENT_ID) FROM STUDENT;
ERROR 1630 (42000): FUNCTION iit_14_th_batch.MIN does not exist. Check the 'Function Name Parsing and Resolution' section in the Reference Manual
mysql> SELECT MIN(STUDENT_ID) FROM STUDENT;
+-----------------+
| MIN(STUDENT_ID) |
+-----------------+
|             101 |
+-----------------+
1 row in set (0.00 sec)

mysql> SELECT MAX(STUDENT_ID) FROM STUDENT;
+-----------------+
| MAX(STUDENT_ID) |
+-----------------+
|             102 |
+-----------------+
1 row in set (0.00 sec)

mysql> SELECT AVG(STUDENT_ID) FROM STUDENT WHERE STUDENT_ID>=1;
+-----------------+
| AVG(STUDENT_ID) |
+-----------------+
|        101.5000 |
+-----------------+
1 row in set (0.00 sec)

mysql> SELECT AVG(STUDENT_ID) FROM STUDENT WHERE STUDENT_ID>=101;
+-----------------+
| AVG(STUDENT_ID) |
+-----------------+
|        101.5000 |
+-----------------+
1 row in set (0.00 sec)

mysql> SELECT AVG(STUDENT_ID) FROM STUDENT WHERE STUDENT_ID>=102;
+-----------------+
| AVG(STUDENT_ID) |
+-----------------+
|        102.0000 |
+-----------------+
1 row in set (0.00 sec)

mysql> SELECT COUNT(STUDENT_ID) FROM STUDENT WHERE STUDENT_ID>=102;
+-------------------+
| COUNT(STUDENT_ID) |
+-------------------+
|                 1 |
+-------------------+
1 row in set (0.00 sec)

mysql> SELECT * FROM STUDENT;
+------------+--------------+
| STUDENT_ID | STUDENT_NAME |
+------------+--------------+
|        101 | A            |
|        102 | B            |
+------------+--------------+
2 rows in set (0.00 sec)

mysql> INSERT INTO STUDENT VALUES(103,'C'),(104,'D'),(105,'E');
Query OK, 3 rows affected (0.01 sec)
Records: 3  Duplicates: 0  Warnings: 0

mysql> SELECT MAX(STUDENT_ID) FROM STUDENT WHERE STUDENT_ID>=102;
+-----------------+
| MAX(STUDENT_ID) |
+-----------------+
|             105 |
+-----------------+
1 row in set (0.00 sec)

mysql> SELECT MIN(STUDENT_ID) FROM STUDENT WHERE STUDENT_ID>=102;
+-----------------+
| MIN(STUDENT_ID) |
+-----------------+
|             102 |
+-----------------+
1 row in set (0.00 sec)

mysql> DESC EMPLOYEE;
+--------------+-------------+------+-----+---------+-------+
| Field        | Type        | Null | Key | Default | Extra |
+--------------+-------------+------+-----+---------+-------+
| EMPLOYEEID   | int         | NO   | PRI | NULL    |       |
| EMPLOYEENAME | varchar(20) | YES  |     | NULL    |       |
| STUDENT_ID   | int         | YES  | MUL | NULL    |       |
+--------------+-------------+------+-----+---------+-------+
3 rows in set (0.00 sec)

mysql> DESC STUDENT;
+--------------+-------------+------+-----+---------+-------+
| Field        | Type        | Null | Key | Default | Extra |
+--------------+-------------+------+-----+---------+-------+
| STUDENT_ID   | int         | NO   | PRI | NULL    |       |
| STUDENT_NAME | varchar(20) | YES  |     | NULL    |       |
+--------------+-------------+------+-----+---------+-------+
2 rows in set (0.00 sec)

mysql> ALTER TABLE STUDENT DROP FOREIGN KEY fk_studentid;
ERROR 1091 (42000): Can't DROP 'fk_studentid'; check that column/key exists
mysql> ALTER TABLE STUDENT DROP FOREIGN KEY ;
ERROR 1064 (42000): You have an error in your SQL syntax; check the manual that corresponds to your MySQL server version for the right syntax to use near '' at line 1
mysql> ALTER TABLE employee DROP  fk_studentid;
ERROR 1091 (42000): Can't DROP 'fk_studentid'; check that column/key exists
mysql> ALTER TABLE employee DROP FORIGN KEY fk_studentid;
ERROR 1064 (42000): You have an error in your SQL syntax; check the manual that corresponds to your MySQL server version for the right syntax to use near 'KEY fk_studentid' at line 1
mysql> ALTER TABLE employee DROP FORIGN KEY ;
ERROR 1064 (42000): You have an error in your SQL syntax; check the manual that corresponds to your MySQL server version for the right syntax to use near 'KEY' at line 1
mysql> ALTER TABLE employee DROP CONSTRAINT fk_studentid;
Query OK, 0 rows affected (0.01 sec)
Records: 0  Duplicates: 0  Warnings: 0

mysql> SELECT * FROM EMPLOYEE;
+------------+--------------+------------+
| EMPLOYEEID | EMPLOYEENAME | STUDENT_ID |
+------------+--------------+------------+
|        123 | YUIO         |        101 |
|        234 | QWER         |       NULL |
+------------+--------------+------------+
2 rows in set (0.00 sec)

mysql> UPDATE EMPLOYEE SET STUDENT_ID=101 WHERE STUDENT_ID IS NULL;
Query OK, 1 row affected (0.00 sec)
Rows matched: 1  Changed: 1  Warnings: 0

mysql> SELECT * FROM EMPLOYEE;
+------------+--------------+------------+
| EMPLOYEEID | EMPLOYEENAME | STUDENT_ID |
+------------+--------------+------------+
|        123 | YUIO         |        101 |
|        234 | QWER         |        101 |
+------------+--------------+------------+
2 rows in set (0.00 sec)

mysql> SELECT COUNT(DISTINCT STUDENT_ID) FROM EMPLOYEE;
+----------------------------+
| COUNT(DISTINCT STUDENT_ID) |
+----------------------------+
|                          1 |
+----------------------------+
1 row in set (0.00 sec)

mysql> INSERT INTO EMPLOYEE VALUES(1045,'SDS',102),(143,'FD',103);
Query OK, 2 rows affected (0.00 sec)
Records: 2  Duplicates: 0  Warnings: 0

mysql> SELECT COUNT(DISTINCT STUDENT_ID) FROM EMPLOYEE;
+----------------------------+
| COUNT(DISTINCT STUDENT_ID) |
+----------------------------+
|                          3 |
+----------------------------+
1 row in set (0.00 sec)

mysql> SELECT EMPLOYEEID ,COUNT(STUDENT_ID) FROM EMPLOYEE GROUP BY EMPLOYEEID;
+------------+-------------------+
| EMPLOYEEID | COUNT(STUDENT_ID) |
+------------+-------------------+
|        123 |                 1 |
|        143 |                 1 |
|        234 |                 1 |
|       1045 |                 1 |
+------------+-------------------+
4 rows in set (0.00 sec)

mysql> SELECT STUDENTID ,COUNT(EMPLOYEE_ID) FROM EMPLOYEE GROUP BY STUDENTID;
ERROR 1054 (42S22): Unknown column 'STUDENTID' in 'field list'
mysql> SELECT STUDENT_ID ,COUNT(EMPLOYEE_ID) FROM EMPLOYEE GROUP BY STUDENT_ID;
ERROR 1054 (42S22): Unknown column 'EMPLOYEE_ID' in 'field list'
mysql> SELECT STUDENT_ID ,COUNT(EMPLOYEEID) FROM EMPLOYEE GROUP BY STUDENT_ID;
+------------+-------------------+
| STUDENT_ID | COUNT(EMPLOYEEID) |
+------------+-------------------+
|        101 |                 2 |
|        102 |                 1 |
|        103 |                 1 |
+------------+-------------------+
3 rows in set (0.00 sec)

mysql> SELECT * FROM EMPLOYEE;
+------------+--------------+------------+
| EMPLOYEEID | EMPLOYEENAME | STUDENT_ID |
+------------+--------------+------------+
|        123 | YUIO         |        101 |
|        143 | FD           |        103 |
|        234 | QWER         |        101 |
|       1045 | SDS          |        102 |
+------------+--------------+------------+
4 rows in set (0.00 sec)

mysql> SELECT * FROM STUDENT;
+------------+--------------+
| STUDENT_ID | STUDENT_NAME |
+------------+--------------+
|        101 | A            |
|        102 | B            |
|        103 | C            |
|        104 | D            |
|        105 | E            |
+------------+--------------+
5 rows in set (0.00 sec)

mysql> SELECT EMPLOYEEID ,COUNT(STUDENT_ID) FROM EMPLOYEE GROUP BY EMPLOYEEID WHERE STUDENT_ID >=103;
ERROR 1064 (42000): You have an error in your SQL syntax; check the manual that corresponds to your MySQL server version for the right syntax to use near 'WHERE STUDENT_ID >=103' at line 1
mysql> SELECT EMPLOYEEID ,COUNT(STUDENT_ID) FROM EMPLOYEE  WHERE STUDENT_ID >=103 GROUP BY EMPLOYEEID ;
+------------+-------------------+
| EMPLOYEEID | COUNT(STUDENT_ID) |
+------------+-------------------+
|        143 |                 1 |
+------------+-------------------+
1 row in set (0.00 sec)

mysql> SELECT EMPLOYEENAME ,COUNT(EMPLOYEENAME) FROM EMPLOYEE GROUP BY EMPLOYEENAME ;
+--------------+---------------------+
| EMPLOYEENAME | COUNT(EMPLOYEENAME) |
+--------------+---------------------+
| YUIO         |                   1 |
| FD           |                   1 |
| QWER         |                   1 |
| SDS          |                   1 |
+--------------+---------------------+
4 rows in set (0.00 sec)

mysql> SELECT EMPLOYEENAME ,COUNT(EMPLOYEENAME) FROM EMPLOYEE GROUP BY EMPLOYEENAME ORDER BY EMPLOYEENAME ASC;
+--------------+---------------------+
| EMPLOYEENAME | COUNT(EMPLOYEENAME) |
+--------------+---------------------+
| FD           |                   1 |
| QWER         |                   1 |
| SDS          |                   1 |
| YUIO         |                   1 |
+--------------+---------------------+
4 rows in set (0.00 sec)

mysql> SELECT STUDENT_ID ,COUNT(EMPLOYEEID) FROM EMPLOYEE GROUP BY STUDENT_ID ORDER BY STUDENT_ID ASC;
+------------+-------------------+
| STUDENT_ID | COUNT(EMPLOYEEID) |
+------------+-------------------+
|        101 |                 2 |
|        102 |                 1 |
|        103 |                 1 |
+------------+-------------------+
3 rows in set (0.00 sec)

mysql> SELECT STUDENT_ID ,COUNT(EMPLOYEEID) FROM EMPLOYEE GROUP BY STUDENT_ID ORDER BY STUDENT_ID DESC;
+------------+-------------------+
| STUDENT_ID | COUNT(EMPLOYEEID) |
+------------+-------------------+
|        103 |                 1 |
|        102 |                 1 |
|        101 |                 2 |
+------------+-------------------+
3 rows in set (0.00 sec)

mysql> SELECT STUDENT_ID ,COUNT(EMPLOYEEID) FROM EMPLOYEE GROUP BY STUDENT_ID ORDER BY STUDENT_ID;
+------------+-------------------+
| STUDENT_ID | COUNT(EMPLOYEEID) |
+------------+-------------------+
|        101 |                 2 |
|        102 |                 1 |
|        103 |                 1 |
+------------+-------------------+
3 rows in set (0.00 sec)

mysql> SELECT STUDENT_ID ,COUNT(EMPLOYEEID) FROM EMPLOYEE GROUP BY STUDENT_ID HAVING COUNT(EMPLOYEEID)>=3 ORDER BY STUDENT_ID;
Empty set (0.00 sec)

mysql> SELECT STUDENT_ID ,COUNT(EMPLOYEEID) FROM EMPLOYEE GROUP BY STUDENT_ID HAVING COUNT(EMPLOYEEID)>=1 ORDER BY STUDENT_ID;
+------------+-------------------+
| STUDENT_ID | COUNT(EMPLOYEEID) |
+------------+-------------------+
|        101 |                 2 |
|        102 |                 1 |
|        103 |                 1 |
+------------+-------------------+
3 rows in set (0.00 sec)

mysql> SELECT STUDENT_ID ,COUNT(EMPLOYEEID) FROM EMPLOYEE GROUP BY STUDENT_ID HAVING SUM(EMPLOYEEID)>=1 ORDER BY STUDENT_ID;
+------------+-------------------+
| STUDENT_ID | COUNT(EMPLOYEEID) |
+------------+-------------------+
|        101 |                 2 |
|        102 |                 1 |
|        103 |                 1 |
+------------+-------------------+
3 rows in set (0.00 sec)

mysql> NOTEE;
